[www.denisechandler.com/index.html]
[backblue.gif]
[fade.gif]
[index.html]
[ajax.googleapis.com/ajax/libs/jquery/1.10.2/jquery.min.js]
[www.denisechandler.com/js/jquery.colorbox.js]
[www.denisechandler.com/js/javascript.js]
[www.denisechandler.com/js/javascript2.js]
[www.denisechandler.com/MyFontsWebfontsKit.js]
[www.denisechandler.com/js/raphael-min.js]
[www.denisechandler.com/jquery.lazylinepainter-1.4.1.min.js]
[www.denisechandler.com/images/drop.png]
[www.denisechandler.com/images/design_icon.png]
[www.denisechandler.com/images/development_icon.png]
[www.denisechandler.com/images/newsletter_icon.png]
[www.denisechandler.com/images/social_icon.png]
[www.denisechandler.com/images/octopus.png]
[www.denisechandler.com/images/twitter_icon.png]
[lightwidget.com/widgets/lightwidget.js]
[www.denisechandler.com/images/arrow.png]
[www.denisechandler.com/images/jrichardhill.png]
[www.denisechandler.com/images/briabby.png]
[www.denisechandler.com/images/houseofchildren.png]
[www.denisechandler.com/images/onegreenville.png]
[www.denisechandler.com/images/solid.png]
[www.denisechandler.com/images/fannypack.png]
[www.denisechandler.com/images/gidwitz.png]
[www.denisechandler.com/images/keerti.png]
[www.denisechandler.com/images/store3.jpg]
[www.denisechandler.com/images/stacked.png]
[www.denisechandler.com/images/store2.jpg]
[www.denisechandler.com/images/aquabella.png]
[www.denisechandler.com/images/store1.jpg]
[www.denisechandler.com/images/spring.png]
[www.denisechandler.com/images/store5.jpg]
[www.denisechandler.com/images/cedar.png]
[www.denisechandler.com/images/store6.jpg]
[www.denisechandler.com/images/dreams.png]
[www.denisechandler.com/images/store4.jpg]
[www.denisechandler.com/images/childish.png]
[www.denisechandler.com/images/highflier.png]
[www.denisechandler.com/images/skewed.png]
[www.denisechandler.com/images/dub.png]
[www.denisechandler.com/images/gab.png]
[www.denisechandler.com/images/quick.png]
[www.denisechandler.com/images/mega.png]
[www.denisechandler.com/images/arrow_down.png]
[www.denisechandler.com/images/pleasantly.png]
[www.denisechandler.com/images/store9.jpg]
[www.denisechandler.com/images/torple.png]
[www.denisechandler.com/images/store8.jpg]
[www.denisechandler.com/images/end.png]
[www.denisechandler.com/images/peabo.png]
[www.denisechandler.com/images/two.png]
[www.denisechandler.com/images/right.png]
[www.denisechandler.com/images/scribble.png]
[www.denisechandler.com/images/forfty.png]
[www.denisechandler.com/images/kit.png]
[www.denisechandler.com/license_agreement.pdf]
[www.denisechandler.com/images/work/jrichardhill_screenshot.jpg]
[www.denisechandler.com/images/work/briabby_screenshot3.jpg]
[www.denisechandler.com/images/work/houseofchildren_screenshot.jpg]
[www.denisechandler.com/images/work/onegreenville_screenshot.jpg]
[www.denisechandler.com/images/work/solid_screenshot.jpg]
[www.denisechandler.com/images/work/fannypack_screenshot.jpg]
[www.denisechandler.com/images/work/gidwitz_screenshot.jpg]
[www.denisechandler.com/images/work/keerti_screenshot.jpg]
[www.denisechandler.com/images/store/stacked_zoom.png]
[www.denisechandler.com/images/store/endtoend_zoom.png]
[www.denisechandler.com/images/store/peabo_zoom.png]
[www.denisechandler.com/images/store/the_right_stuff_zoom.png]
[www.denisechandler.com/images/store/torple_zoom.png]
[www.denisechandler.com/images/store/skewed_zoom.png]
[www.denisechandler.com/images/store/fizzlebottom_zoom.png]
[www.denisechandler.com/images/store/gab_zoom.png]
[www.denisechandler.com/images/store/dubbub_zoom.png]
[www.denisechandler.com/images/store/pleasantlyplump_zoom.png]
[www.denisechandler.com/images/store/quick_zoom.png]
[www.denisechandler.com/images/store/forfty_zoom.png]
[www.denisechandler.com/images/store/scribble_zoom.png]
[www.denisechandler.com/images/store/twoandtwo_zoom.png]
[www.denisechandler.com/index.html]
[www.denisechandler.com/images/form_bkg.png]
[www.denisechandler.com/images/twitter.png]
[www.denisechandler.com/images/twitter_rollover.png]
[www.denisechandler.com/images/googleplus.png]
[www.denisechandler.com/images/googleplus_rollover.png]
[www.denisechandler.com/images/pinterest.png]
[www.denisechandler.com/images/pinterest_rollover.png]
[www.denisechandler.com/images/dribbble.png]
[www.denisechandler.com/images/dribbble_rollover.png]
[www.denisechandler.com/images/instagram.png]
[www.denisechandler.com/images/instagram_rollover.png]
[www.denisechandler.com/images/banner.jpg]
[www.denisechandler.com/images/tentacles.png]
[www.denisechandler.com/images/about_bkg.jpg]
[www.denisechandler.com/images/footer_bkg1.jpg]
[www.denisechandler.com/images/banner-med.jpg]
[www.denisechandler.com/images/banner-small.jpg]
[www.denisechandler.com/css/styles.css]
[www.denisechandler.com/css/animations.css]
[www.denisechandler.com/images/loading1.61.delayed]
[www.denisechandler.com/css/colorbox.css]
[www.denisechandler.com/images/loading1.html]
