[backblue.gif]
[fade.gif]
[index.html]
[jacekjeznach.com/wp-content/themes/jj/js/vendor/jquery-1.9.1.min3109.js]
[jacekjeznach.com/wp-content/themes/jj/fav/apple-icon-57x57.png]
[jacekjeznach.com/wp-content/themes/jj/fav/apple-icon-60x60.png]
[jacekjeznach.com/wp-content/themes/jj/fav/apple-icon-72x72.png]
[jacekjeznach.com/wp-content/themes/jj/fav/apple-icon-76x76.png]
[jacekjeznach.com/wp-content/themes/jj/fav/apple-icon-114x114.png]
[jacekjeznach.com/wp-content/themes/jj/fav/apple-icon-120x120.png]
[jacekjeznach.com/wp-content/themes/jj/fav/apple-icon-144x144.png]
[jacekjeznach.com/wp-content/themes/jj/fav/apple-icon-152x152.png]
[jacekjeznach.com/wp-content/themes/jj/fav/apple-icon-180x180.png]
[jacekjeznach.com/wp-content/themes/jj/fav/android-icon-192x192.png]
[jacekjeznach.com/wp-content/themes/jj/fav/favicon-32x32.png]
[jacekjeznach.com/wp-content/themes/jj/fav/favicon-96x96.png]
[jacekjeznach.com/wp-content/themes/jj/fav/favicon-16x16.png]
[jacekjeznach.com/wp-content/themes/jj/js/vendor/modernizr-2.8.3.min.js]
[jacekjeznach.com/wp-content/themes/jj/img/logo.png]
[jacekjeznach.com/wp-content/themes/jj/img/logo_sub.png]
[jacekjeznach.com/wp-content/themes/jj/img/timeline.png]
[jacekjeznach.com/wp-content/themes/jj/img/logopreload.png]
[jacekjeznach.com/wp-content/themes/jj/img/cod.png]
[jacekjeznach.com/wp-content/themes/jj/img/blogdark.png]
[cdnjs.cloudflare.com/ajax/libs/outdated-browser/1.1.3/outdatedbrowser.min.css]
[cdnjs.cloudflare.com/ajax/libs/outdated-browser/1.1.3/outdatedbrowser.min.js]
[jacekjeznach.com/wp-includes/js/wp-embed.minbc6d.js]
[cdn.jsdelivr.net/velocity/1.2.2/velocity.min.js]
[jacekjeznach.com/wp-content/themes/jj/js/plugins.js]
[jacekjeznach.com/wp-content/themes/jj/js/main.js]
[file/C_/Users/abhi/Desktop/index.html]
[jacekjeznach.com/wp-content/themes/jj/css/images/loading2.gif]
[jacekjeznach.com/wp-content/themes/jj/img/bulb1.png]
[jacekjeznach.com/wp-content/cache/autoptimize/css/autoptimize_db56e922dfea4e401980bfe25814c861.css]
[jacekjeznach.com/wp-content/themes/jj/ribbons/awwwards_nominee_black_left.png]
[jacekjeznach.com/wp-content/cache/autoptimize/css/autoptimize_6b8d6c389d5c4673eeb31c81a2ff403c.css]
[cdnjs.cloudflare.com/ajax/libs/outdated-browser/1.1.3/outdatedbrowser.min.css]
