[www.istevitu.in/index.html]
[cdn.dcodes.net/2/menus/dock/css/dc_dock_menu.css]
[cdn.dcodes.net/2/jquery.min.js]
[cdn.dcodes.net/2/menus/dock/js/fisheye-iutil.min.js]
[backblue.gif]
[fade.gif]
[index.html]
[cdn.dcodes.net/2/menus/dock/js/dc_dock_menu.js]
[www.istevitu.in/img/uevents.png]
[www.istevitu.in/img/weekly.png]
[www.istevitu.in/img/premium.png]
[www.istevitu.in/horizon/index.html]
[www.istevitu.in/img/achievements.png]
[www.istevitu.in/img/festival.png]
[www.istevitu.in/logo.png]
[www.istevitu.in/img/teacher.png]
[www.istevitu.in/img/facultylogo.png]
[www.istevitu.in/img/board.png]
[www.istevitu.in/img/boardlogo.png]
[www.istevitu.in/img/core.png]
[www.istevitu.in/img/corelogo.png]
[www.istevitu.in/img/about.png]
[www.istevitu.in/img/aboutlogo.png]
[www.istevitu.in/img/timeline.png]
[www.istevitu.in/img/timelinelogo.png]
[www.istevitu.in/img/developer.png]
[www.istevitu.in/img/developerlogo.png]
[www.istevitu.in/img/close.png]
[www.istevitu.in/img/horizon.jpg]
[www.istevitu.in/img/we/DSA.jpg]
[www.istevitu.in/img/we/tronix.jpg]
[www.istevitu.in/img/we/tronix2.jpg]
[www.istevitu.in/img/we/ey.jpg]
[www.istevitu.in/img/we/nc.jpg]
[www.istevitu.in/img/we/tfv.jpg]
[www.istevitu.in/img/teacher/Amit.jpg]
[www.istevitu.in/img/teacher/sasi.jpg]
[www.istevitu.in/img/pics/vaibhav.jpg]
[www.istevitu.in/img/pics/pranav.jpg]
[www.istevitu.in/img/pics/somya.jpg]
[www.istevitu.in/img/pics/yash.jpg]
[www.istevitu.in/img/pics/adityan.jpg]
[www.istevitu.in/img/pics/sagar.jpg]
[www.istevitu.in/img/pics/vaishnavi.jpg]
[www.istevitu.in/img/pics/ria.jpg]
[www.istevitu.in/img/pics/ritika.jpg]
[www.istevitu.in/img/pics/ud.jpg]
[www.istevitu.in/img/pics/aman.jpg]
[www.istevitu.in/img/pics/anmol.jpg]
[www.istevitu.in/img/pics/anik.jpg]
[www.istevitu.in/img/pics/bavya.jpg]
[www.istevitu.in/img/pics/chirag.jpg]
[www.istevitu.in/img/pics/divya.jpg]
[www.istevitu.in/img/pics/divyansh.jpg]
[www.istevitu.in/img/pics/heli.jpg]
[www.istevitu.in/img/pics/jishu.jpg]
[www.istevitu.in/img/pics/nidhish.jpg]
[www.istevitu.in/img/pics/rakshit.jpg]
[www.istevitu.in/img/pics/rishav.jpg]
[www.istevitu.in/img/pics/faustina.jpg]
[www.istevitu.in/img/pics/anjali.jpg]
[www.istevitu.in/img/pics/adnaan.jpg]
[www.istevitu.in/img/pics/ankit.jpg]
[www.istevitu.in/img/pics/deba.jpg]
[www.istevitu.in/img/pics/dev.jpg]
[www.istevitu.in/img/pics/jeffrey.jpg]
[www.istevitu.in/img/pics/kanav.jpg]
[www.istevitu.in/img/pics/niharika.jpg]
[www.istevitu.in/img/pics/rithik.jpg]
[www.istevitu.in/img/pics/saksham.jpg]
[www.istevitu.in/img/pics/simron.jpg]
[www.istevitu.in/img/pics/sakshi.jpg]
[www.istevitu.in/img/pics/shweta.jpg]
[www.istevitu.in/img/pics/vaibhav jha.jpg]
[www.istevitu.in/img/gravitas/tarr.jpg]
[www.istevitu.in/img/gravitas/matlab.jpg]
[www.istevitu.in/img/gravitas/sg.jpg]
[www.istevitu.in/img/gravitas/cn.jpg]
[www.istevitu.in/img/gravitas/ultimate.jpg]
[www.istevitu.in/img/gravitas/foo.jpg]
[www.istevitu.in/img/gravitas/robo.jpg]
[www.istevitu.in/img/riviera/foos.jpg]
[www.istevitu.in/img/riviera/prison.jpg]
[www.istevitu.in/img/riviera/race.jpg]
[www.google-analytics.com/analytics.js]
[cdnjs.cloudflare.com/ajax/libs/gsap/latest/plugins/TextPlugin.min.js]
[www.istevitu.in/js/machine.js]
[www.istevitu.in/js/TweenLite.min.js]
[cdnjs.cloudflare.com/ajax/libs/gsap/latest/TweenMax.min.js]
[www.istevitu.in/js/EasePack.min.js]
[www.istevitu.in/js/dock.js]
[www.istevitu.in/js/rAF.js]
[www.istevitu.in/js/demo-1.js]
[www.istevitu.in/index.html]
[www.istevitu.in/dcodes/menus/dock/css/dc_dock_menu.html]
[www.istevitu.in/dcodes/jquery.min.html]
[www.istevitu.in/dcodes/menus/dock/js/fisheye-iutil.min.html]
[www.istevitu.in/dcodes/menus/dock/js/dc_dock_menu.html]
[cdn.dcodes.net/2/menus/dock/css/dc_dock_menu.css]
[www.istevitu.in/css/style.css]
[www.istevitu.in/favicon.html]
[www.istevitu.in/css/normalize.css]
[www.istevitu.in/fonts/codropsicons/codropsicons.eot]
[www.istevitu.in/fonts/codropsicons/codropsiconsd41d.eot]
[www.istevitu.in/fonts/codropsicons/codropsicons.woff]
[www.istevitu.in/fonts/codropsicons/codropsicons.ttf]
[www.istevitu.in/css/demo.css]
[www.istevitu.in/img/demo-1-bg.jpg]
[www.istevitu.in/css/component.css]
[www.istevitu.in/horizon/js/modernizr.js]
[www.istevitu.in/horizon/logoK@2x.png]
[www.istevitu.in/horizon/images/portfolio/underwater.jpg]
[www.istevitu.in/horizon/images/portfolio/hotel.jpg]
[www.istevitu.in/horizon/images/portfolio/beetle.jpg]
[www.istevitu.in/horizon/images/portfolio/banjo-player.jpg]
[www.istevitu.in/horizon/images/portfolio/lighthouse.jpg]
[www.istevitu.in/horizon/images/portfolio/girl.jpg]
[www.istevitu.in/horizon/images/portfolio/coffee.jpg]
[www.istevitu.in/horizon/images/portfolio/judah.jpg]
[www.istevitu.in/horizon/images/portfolio/modals/m-underwater.jpg]
[www.istevitu.in/horizon/images/portfolio/modals/m-hotel.jpg]
[www.istevitu.in/horizon/images/portfolio/modals/m-beetle.jpg]
[www.istevitu.in/horizon/images/portfolio/modals/m-banjo-player.jpg]
[www.istevitu.in/horizon/images/portfolio/modals/m-lighthouse.jpg]
[www.istevitu.in/horizon/images/portfolio/modals/m-girl.jpg]
[www.istevitu.in/horizon/images/portfolio/modals/m-coffee.jpg]
[www.istevitu.in/horizon/images/portfolio/modals/m-judah.jpg]
[www.istevitu.in/horizon/images/team/sagar.jpg]
[www.istevitu.in/horizon/images/team/yash.jpg]
[www.istevitu.in/horizon/images/team/abs.jpg]
[www.istevitu.in/horizon/images/team/vaibhav.jpg]
[www.istevitu.in/horizon/adobe.jpg]
[www.istevitu.in/horizon/bw.jpg]
[www.istevitu.in/horizon/js/jquery-1.11.3.min.js]
[www.istevitu.in/horizon/js/jquery-migrate-1.2.1.min.js]
[www.istevitu.in/horizon/js/jquery.flexslider-min.js]
[www.istevitu.in/horizon/js/jquery.waypoints.min.js]
[www.istevitu.in/horizon/js/jquery.validate.min.js]
[www.istevitu.in/horizon/js/jquery.fittext.js]
[www.istevitu.in/horizon/js/jquery.placeholder.min.js]
[www.istevitu.in/horizon/js/jquery.magnific-popup.min.js]
[www.istevitu.in/horizon/js/main.js]
[www.istevitu.in/horizon/index.html]
[www.istevitu.in/img/pics/Ujjwal.html]
[www.istevitu.in/js/index.html]
[www.istevitu.in/fonts/codropsicons/codropsicons.svg]
[www.istevitu.in/img/demo-2-bg.html]
[www.istevitu.in/img/deco.html]
[www.istevitu.in/horizon/css/base.css]
[www.istevitu.in/horizon/css/vendor.min.css]
[www.istevitu.in/horizon/images/logoK@2x.png]
[www.istevitu.in/horizon/images/hero-bg.jpg]
[www.istevitu.in/horizon/css/main.css]
[www.istevitu.in/horizon/fonts/raleway/raleway-thin-webfont.eot]
[www.istevitu.in/horizon/fonts/raleway/raleway-thin-webfont.woff]
[www.istevitu.in/horizon/fonts/raleway/raleway-thin-webfont.ttf]
[www.istevitu.in/horizon/fonts/raleway/raleway-thin-webfontd41d.eot]
[www.istevitu.in/horizon/fonts/raleway/raleway-extralight-webfont.eot]
[www.istevitu.in/horizon/fonts/raleway/raleway-extralight-webfont.woff]
[www.istevitu.in/horizon/fonts/raleway/raleway-extralight-webfontd41d.eot]
[www.istevitu.in/horizon/fonts/raleway/raleway-extralight-webfont.ttf]
[www.istevitu.in/horizon/fonts/raleway/raleway-light-webfont.eot]
[www.istevitu.in/horizon/fonts/raleway/raleway-light-webfont.woff]
[www.istevitu.in/horizon/fonts/raleway/raleway-light-webfont.ttf]
[www.istevitu.in/horizon/fonts/raleway/raleway-light-webfontd41d.eot]
[www.istevitu.in/horizon/fonts/raleway/raleway-regular-webfont.eot]
[www.istevitu.in/horizon/fonts/raleway/raleway-regular-webfont.woff]
[www.istevitu.in/horizon/fonts/raleway/raleway-regular-webfontd41d.eot]
[www.istevitu.in/horizon/fonts/raleway/raleway-regular-webfont.ttf]
[www.istevitu.in/horizon/fonts/raleway/raleway-medium-webfont.eot]
[www.istevitu.in/horizon/fonts/raleway/raleway-medium-webfont.woff]
[www.istevitu.in/horizon/fonts/raleway/raleway-medium-webfont.ttf]
[www.istevitu.in/horizon/fonts/raleway/raleway-medium-webfontd41d.eot]
[www.istevitu.in/horizon/fonts/raleway/raleway-semibold-webfont.eot]
[www.istevitu.in/horizon/fonts/raleway/raleway-semibold-webfont.woff]
[www.istevitu.in/horizon/fonts/raleway/raleway-semibold-webfontd41d.eot]
[www.istevitu.in/horizon/fonts/raleway/raleway-semibold-webfont.ttf]
[www.istevitu.in/horizon/fonts/raleway/raleway-bold-webfont.eot]
[www.istevitu.in/horizon/fonts/raleway/raleway-bold-webfont.woff]
[www.istevitu.in/horizon/fonts/raleway/raleway-bold-webfontd41d.eot]
[www.istevitu.in/horizon/fonts/raleway/raleway-bold-webfont.ttf]
[www.istevitu.in/horizon/fonts/raleway/raleway-heavy-webfont.eot]
[www.istevitu.in/horizon/fonts/raleway/raleway-heavy-webfont.woff]
[www.istevitu.in/horizon/fonts/raleway/raleway-heavy-webfont.ttf]
[www.istevitu.in/horizon/fonts/raleway/raleway-heavy-webfontd41d.eot]
[www.istevitu.in/horizon/fonts/merriweather/merriweather-black-webfont.eot]
[www.istevitu.in/horizon/fonts/merriweather/merriweather-black-webfont.woff]
[www.istevitu.in/horizon/fonts/merriweather/merriweather-black-webfontd41d.eot]
[www.istevitu.in/horizon/fonts/merriweather/merriweather-black-webfont.ttf]
[www.istevitu.in/horizon/fonts/merriweather/merriweather-bold-webfont.eot]
[www.istevitu.in/horizon/fonts/merriweather/merriweather-bold-webfont.woff]
[www.istevitu.in/horizon/fonts/merriweather/merriweather-bold-webfontd41d.eot]
[www.istevitu.in/horizon/fonts/merriweather/merriweather-bold-webfont.ttf]
[www.istevitu.in/horizon/fonts/merriweather/merriweather-bolditalic-webfont.eot]
[www.istevitu.in/horizon/fonts/merriweather/merriweather-bolditalic-webfont.woff]
[www.istevitu.in/horizon/fonts/merriweather/merriweather-bolditalic-webfontd41d.eot]
[www.istevitu.in/horizon/fonts/merriweather/merriweather-bolditalic-webfont.ttf]
[www.istevitu.in/horizon/fonts/merriweather/merriweather-heavyitalic-webfont.eot]
[www.istevitu.in/horizon/fonts/merriweather/merriweather-heavyitalic-webfont.woff]
[www.istevitu.in/horizon/fonts/merriweather/merriweather-heavyitalic-webfontd41d.eot]
[www.istevitu.in/horizon/fonts/merriweather/merriweather-heavyitalic-webfont.ttf]
[www.istevitu.in/horizon/fonts/merriweather/merriweather-italic-webfont.eot]
[www.istevitu.in/horizon/fonts/merriweather/merriweather-italic-webfont.woff]
[www.istevitu.in/horizon/fonts/merriweather/merriweather-italic-webfontd41d.eot]
[www.istevitu.in/horizon/fonts/merriweather/merriweather-italic-webfont.ttf]
[www.istevitu.in/horizon/fonts/merriweather/merriweather-light-webfont.eot]
[www.istevitu.in/horizon/fonts/merriweather/merriweather-light-webfont.woff]
[www.istevitu.in/horizon/fonts/merriweather/merriweather-light-webfontd41d.eot]
[www.istevitu.in/horizon/fonts/merriweather/merriweather-light-webfont.ttf]
[www.istevitu.in/horizon/fonts/merriweather/merriweather-lightitalic-webfont.eot]
[www.istevitu.in/horizon/fonts/merriweather/merriweather-lightitalic-webfont.woff]
[www.istevitu.in/horizon/fonts/merriweather/merriweather-lightitalic-webfontd41d.eot]
[www.istevitu.in/horizon/fonts/merriweather/merriweather-lightitalic-webfont.ttf]
[www.istevitu.in/horizon/fonts/merriweather/merriweather-regular-webfont.eot]
[www.istevitu.in/horizon/fonts/merriweather/merriweather-regular-webfont.woff]
[www.istevitu.in/horizon/fonts/merriweather/merriweather-regular-webfontd41d.eot]
[www.istevitu.in/horizon/fonts/merriweather/merriweather-regular-webfont.ttf]
[www.istevitu.in/horizon/css/fonts.css]
[www.istevitu.in/horizon/css/font-awesome/fonts/fontawesome-webfont78ce.eot]
[www.istevitu.in/horizon/css/font-awesome/fonts/fontawesome-webfontd41d.eot]
[www.istevitu.in/horizon/css/font-awesome/fonts/fontawesome-webfont78ce.woff]
[www.istevitu.in/horizon/css/font-awesome/fonts/fontawesome-webfont78ce.ttf]
[www.istevitu.in/horizon/css/font-awesome/css/font-awesome.min.css]
[www.istevitu.in/horizon/images/logoW@2x.html]
[www.istevitu.in/horizon/fonts/raleway/raleway-thin-webfont.svg]
[www.istevitu.in/horizon/fonts/raleway/raleway-extralight-webfont.svg]
[www.istevitu.in/horizon/fonts/raleway/raleway-light-webfont.svg]
[www.istevitu.in/horizon/fonts/raleway/raleway-regular-webfont.svg]
[www.istevitu.in/horizon/fonts/raleway/raleway-medium-webfont.svg]
[www.istevitu.in/horizon/fonts/raleway/raleway-semibold-webfont.svg]
[www.istevitu.in/horizon/fonts/raleway/raleway-bold-webfont.svg]
[www.istevitu.in/horizon/fonts/raleway/raleway-heavy-webfont.svg]
[www.istevitu.in/horizon/fonts/merriweather/merriweather-black-webfont.svg]
[www.istevitu.in/horizon/fonts/merriweather/merriweather-bold-webfont.svg]
[www.istevitu.in/horizon/fonts/merriweather/merriweather-bolditalic-webfont.svg]
[www.istevitu.in/horizon/fonts/merriweather/merriweather-heavyitalic-webfont.svg]
[www.istevitu.in/horizon/fonts/merriweather/merriweather-italic-webfont.svg]
[www.istevitu.in/horizon/fonts/merriweather/merriweather-light-webfont.svg]
[www.istevitu.in/horizon/fonts/merriweather/merriweather-lightitalic-webfont.svg]
[www.istevitu.in/horizon/fonts/merriweather/merriweather-regular-webfont.svg]
[www.istevitu.in/horizon/css/font-awesome/fonts/fontawesome-webfont78ce.svg]
